C51 COMPILER V9.01   MAIN                                                                  10/01/2022 00:11:21 PAGE 1   


C51 COMPILER V9.01, COMPILATION OF MODULE MAIN
OBJECT MODULE PLACED IN ..\Obj\main.obj
COMPILER INVOKED BY: D:\programming learning software\MCU\keilC51\C51\BIN\C51.EXE main.c BROWSE INCDIR(..\App\bsp_ired;.
                    -.\Public;..\App\bsp_smg) DEBUG OBJECTEXTEND PRINT(..\Listing\main.lst) OBJECT(..\Obj\main.obj)

line level    source

   1          /**************************************************************************************
   2          实验名称：      红外遥控实验
   3          实验现象：      数码管上显示数码管上显示红外解码遥控器键值
   4          实验单片机：普中A2                      
   5          注意事项：                                                                                                                                                
   6          ***************************************************************************************/
   7          
   8          #include "public.h"
   9          #include  "ired.h"
  10          #include  "smg.h"
  11          
  12          
  13          
  14          int main(void)
  15          {
  16   1              uint_8 ired_buf[3] = 0;
  17   1      
  18   1              Ired_Init();    //红外初始化
  19   1      
  20   1              while(1)
  21   1              {       
  22   2                      ired_buf[0] = gSmg_init_code[gired_data[2]/16]; //将控制码高4位转换为数码管段码
  23   2                      ired_buf[1] = gSmg_init_code[gired_data[2]%16]; //将控制码低4位转换为数码管段码
  24   2                      ired_buf[2] = 0X76;                                                             //显示H的段码
  25   2      
  26   2                      Smg_Display(ired_buf,SHOW_POSITION);    
  27   2              }
  28   1      }
  29          
  30          
  31          
  32          


MODULE INFORMATION:   STATIC OVERLAYABLE
   CODE SIZE        =     59    ----
   CONSTANT SIZE    =      3    ----
   XDATA SIZE       =   ----    ----
   PDATA SIZE       =   ----    ----
   DATA SIZE        =   ----       3
   IDATA SIZE       =   ----    ----
   BIT SIZE         =   ----    ----
END OF MODULE INFORMATION.


C51 COMPILATION COMPLETE.  0 WARNING(S),  0 ERROR(S)
