C51 COMPILER V9.01   MAIN                                                                  09/30/2022 00:00:27 PAGE 1   


C51 COMPILER V9.01, COMPILATION OF MODULE MAIN
OBJECT MODULE PLACED IN ..\Obj\main.obj
COMPILER INVOKED BY: D:\programming learning software\MCU\keilC51\C51\BIN\C51.EXE main.c BROWSE INCDIR(..\App\bsp_hc595;
                    -..\Public) DEBUG OBJECTEXTEND PRINT(..\Listing\main.lst) OBJECT(..\Obj\main.obj)

line level    source

   1          /**************************************************************************************
   2          实验名称：      LED点阵实验(显示数字)
   3          实验现象：      8*8 LED点阵显示数字0 或 显示心形图像
   4          实验单片机：普中A2                      
   5          注意事项：      LED点阵旁的J24黄色跳线帽短接到GND一端                                                                                                                                     
   6          ***************************************************************************************/
   7          
   8          #include "public.h"
   9          #include  "hc595.h"
  10          
  11          int main(void)
  12          {                               
  13   1              while(1)
  14   1              {
  15   2                      HC595_Display();
  16   2              }
  17   1      }


MODULE INFORMATION:   STATIC OVERLAYABLE
   CODE SIZE        =      5    ----
   CONSTANT SIZE    =   ----    ----
   XDATA SIZE       =   ----    ----
   PDATA SIZE       =   ----    ----
   DATA SIZE        =   ----    ----
   IDATA SIZE       =   ----    ----
   BIT SIZE         =   ----    ----
END OF MODULE INFORMATION.


C51 COMPILATION COMPLETE.  0 WARNING(S),  0 ERROR(S)
