C51 COMPILER V9.01   MAIN                                                                  09/30/2022 21:27:36 PAGE 1   


C51 COMPILER V9.01, COMPILATION OF MODULE MAIN
OBJECT MODULE PLACED IN ..\Obj\main.obj
COMPILER INVOKED BY: D:\programming learning software\MCU\keilC51\C51\BIN\C51.EXE main.c BROWSE INCDIR(..\App\bsp_ds1302
                    -;..\Public;..\App\bsp_smg) DEBUG OBJECTEXTEND PRINT(..\Listing\main.lst) OBJECT(..\Obj\main.obj)

line level    source

   1          /**************************************************************************************
   2          实验名称：      DS1302时钟实验
   3          实验现象：      数码管上显示电子时钟时分秒，格式为“XX-XX-XX”
   4          实验单片机：普中A2                      
   5          注意事项：                                                                                                                                                
   6          ***************************************************************************************/
   7          
   8          #include "public.h"
   9          #include  "ds1302.h"
  10          #include  "smg.h"
  11          
  12          
  13          
  14          int main(void)
  15          {
  16   1              uint_8 time_buf[8];
  17   1              
  18   1              DS1302_Init();          //初始化DS1302
  19   1      
  20   1              while(1)
  21   1              {       
  22   2                      DS1302_Read_Time();
  23   2      
  24   2                      time_buf[0] = gSmg_init_code[gDS1302_TIME[2]/16];               //时
  25   2                      time_buf[1] = gSmg_init_code[gDS1302_TIME[2]&0x0f];
  26   2                      time_buf[2] = 0x40;
  27   2                      time_buf[3] = gSmg_init_code[gDS1302_TIME[1]/16];               //分
  28   2                      time_buf[4] = gSmg_init_code[gDS1302_TIME[1]&0x0f];
  29   2                      time_buf[5] = 0x40;
  30   2                      time_buf[6] = gSmg_init_code[gDS1302_TIME[0]/16];               //秒
  31   2                      time_buf[7] = gSmg_init_code[gDS1302_TIME[0]&0x0f];
  32   2      
  33   2                      Smg_Display(time_buf,SHOW_POSITION);
  34   2              }
  35   1      }
  36          
  37          
  38          
  39          


MODULE INFORMATION:   STATIC OVERLAYABLE
   CODE SIZE        =     88    ----
   CONSTANT SIZE    =   ----    ----
   XDATA SIZE       =   ----    ----
   PDATA SIZE       =   ----    ----
   DATA SIZE        =   ----       8
   IDATA SIZE       =   ----    ----
   BIT SIZE         =   ----    ----
END OF MODULE INFORMATION.


C51 COMPILATION COMPLETE.  0 WARNING(S),  0 ERROR(S)
