C51 COMPILER V9.01   MAIN                                                                  10/01/2022 21:08:38 PAGE 1   


C51 COMPILER V9.01, COMPILATION OF MODULE MAIN
OBJECT MODULE PLACED IN ..\Obj\main.obj
COMPILER INVOKED BY: D:\programming learning software\MCU\keilC51\C51\BIN\C51.EXE main.c BROWSE INCDIR(..\App\bsp_lcd160
                    -2;..\Public) DEBUG OBJECTEXTEND PRINT(..\Listing\main.lst) OBJECT(..\Obj\main.obj)

line level    source

   1          /**************************************************************************************
   2          实验名称：      LCD1602液晶显示实验
   3          实验现象：      LCD1602上显示字符信息
   4          实验单片机：普中A2                      
   5          注意事项：                                                                                                                                                
   6          ***************************************************************************************/
   7          
   8          #include "public.h"
   9          #include  "lcd1602.h"
  10          
  11          
  12          int main(void)
  13          {       
  14   1              LCD1602_Init();//LCD1602初始化
  15   1              LCD1602_Show_String(0,0,"This is a test!");                     //第一行显示
  16   1              LCD1602_Show_String(0,1,"Made by LOlita");                      //第二行显示
  17   1      
  18   1              while(1)
  19   1              {
  20   2                                      
  21   2              }
  22   1      }
  23          
  24          
  25          


MODULE INFORMATION:   STATIC OVERLAYABLE
   CODE SIZE        =     30    ----
   CONSTANT SIZE    =     31    ----
   XDATA SIZE       =   ----    ----
   PDATA SIZE       =   ----    ----
   DATA SIZE        =   ----    ----
   IDATA SIZE       =   ----    ----
   BIT SIZE         =   ----    ----
END OF MODULE INFORMATION.


C51 COMPILATION COMPLETE.  0 WARNING(S),  0 ERROR(S)
