C51 COMPILER V9.01   PUBLIC                                                                09/29/2022 20:12:57 PAGE 1   


C51 COMPILER V9.01, COMPILATION OF MODULE PUBLIC
OBJECT MODULE PLACED IN ..\Obj\public.obj
COMPILER INVOKED BY: D:\programming learning software\MCU\keilC51\C51\BIN\C51.EXE ..\Public\public.c BROWSE INCDIR(..\Ap
                    -p\bsp_key_matrix;..\Public;..\App\bsp_smg) DEBUG OBJECTEXTEND PRINT(..\Listing\public.lst) OBJECT(..\Obj\public.obj)

line level    source

   1          #include  "public.h"
   2          
   3          /*
   4                  函数名：Delay_10us
   5                  功能：  粗略延时10us
   6          */
   7          void Delay_10us(uint_16 time_us)
   8          {
   9   1              while(time_us--);
  10   1      }
  11          
  12          /*
  13                  函数名：Delay_ms
  14                  功能：  粗略延时1ms
  15          */
  16          void Delay_ms(uint_16 time_ms)
  17          {
  18   1              uint_16 i=0,j=0;
  19   1              for(i=time_ms;i>0;i--)
  20   1                      for(j=110;j>0;j--);
  21   1      }


MODULE INFORMATION:   STATIC OVERLAYABLE
   CODE SIZE        =     45    ----
   CONSTANT SIZE    =   ----    ----
   XDATA SIZE       =   ----    ----
   PDATA SIZE       =   ----    ----
   DATA SIZE        =   ----    ----
   IDATA SIZE       =   ----    ----
   BIT SIZE         =   ----    ----
END OF MODULE INFORMATION.


C51 COMPILATION COMPLETE.  0 WARNING(S),  0 ERROR(S)
