C51 COMPILER V9.01   BEEP                                                                  09/29/2022 18:57:34 PAGE 1   


C51 COMPILER V9.01, COMPILATION OF MODULE BEEP
OBJECT MODULE PLACED IN ..\Obj\beep.obj
COMPILER INVOKED BY: D:\programming learning software\MCU\keilC51\C51\BIN\C51.EXE ..\App\bsp_beep\beep.c BROWSE INCDIR(.
                    -.\App\bsp_beep;..\Public) DEBUG OBJECTEXTEND PRINT(..\Listing\beep.lst) OBJECT(..\Obj\beep.obj)

line level    source

   1          #include  "beep.h"
   2          
   3          /*
   4                  函数名：Beep_Show
   5                  功能：  实现蜂鸣器鸣响
   6          */
   7          void Beep_Show(uint_16 count)
   8          {
   9   1              for(;count>0;count--)
  10   1              {
  11   2                      BEEP = !BEEP;    //产生一定频率的脉冲信号
  12   2                      Delay_10us(100);
  13   2              }
  14   1              count = 0;              //计数清零
  15   1              BEEP = 0;           //关闭蜂鸣器
  16   1      }


MODULE INFORMATION:   STATIC OVERLAYABLE
   CODE SIZE        =     42    ----
   CONSTANT SIZE    =   ----    ----
   XDATA SIZE       =   ----    ----
   PDATA SIZE       =   ----    ----
   DATA SIZE        =   ----       2
   IDATA SIZE       =   ----    ----
   BIT SIZE         =   ----    ----
END OF MODULE INFORMATION.


C51 COMPILATION COMPLETE.  0 WARNING(S),  0 ERROR(S)
