C51 COMPILER V9.01   MAIN                                                                  10/01/2022 21:29:04 PAGE 1   


C51 COMPILER V9.01, COMPILATION OF MODULE MAIN
OBJECT MODULE PLACED IN ..\Obj\main.obj
COMPILER INVOKED BY: D:\programming learning software\MCU\keilC51\C51\BIN\C51.EXE main.c BROWSE INCDIR(..\App\bsp_lcd128
                    -64;..\Public) DEBUG OBJECTEXTEND PRINT(..\Listing\main.lst) OBJECT(..\Obj\main.obj)

line level    source

   1          /**************************************************************************************
   2          实验名称：      LCD12864液晶显示实验
   3          实验现象：      LCD12864上显示字符信息
   4          实验单片机：普中A2                      
   5          注意事项：                                                                                                                                                
   6          ***************************************************************************************/
   7          
   8          #include "public.h"
   9          #include  "lcd12864.h"
  10          
  11          
  12          int main(void)
  13          {       
  14   1              LCD12864_Init();                                                                //LCD12864初始化
  15   1      
  16   1              LCD12864_Show_String(0,0,"This is a test!");    //第1行字符串显示
  17   1              LCD12864_Show_String(0,1,"Made by LOlita");             //第2行字符串显示
  18   1              LCD12864_Show_String(0,2,"使用普中A2开发");             //第3行字符串显示
  19   1              LCD12864_Show_String(0,3,"字符数据显示成功");   //第4行字符串显示
  20   1      
  21   1              while(1)
  22   1              {
  23   2                                      
  24   2              }
  25   1      }
  26          
  27          
  28          


MODULE INFORMATION:   STATIC OVERLAYABLE
   CODE SIZE        =     56    ----
   CONSTANT SIZE    =     62    ----
   XDATA SIZE       =   ----    ----
   PDATA SIZE       =   ----    ----
   DATA SIZE        =   ----    ----
   IDATA SIZE       =   ----    ----
   BIT SIZE         =   ----    ----
END OF MODULE INFORMATION.


C51 COMPILATION COMPLETE.  0 WARNING(S),  0 ERROR(S)
