C51 COMPILER V9.01   MAIN                                                                  10/01/2022 20:09:40 PAGE 1   


C51 COMPILER V9.01, COMPILATION OF MODULE MAIN
OBJECT MODULE PLACED IN ..\Obj\main.obj
COMPILER INVOKED BY: D:\programming learning software\MCU\keilC51\C51\BIN\C51.EXE main.c BROWSE INCDIR(..\App\bsp_pwm;..
                    -\Public) DEBUG OBJECTEXTEND PRINT(..\Listing\main.lst) OBJECT(..\Obj\main.obj)

line level    source

   1          /**************************************************************************************
   2          实验名称：      DAC模数转换实验
   3          实验现象：      DAC(PWM)模块上的指示灯DA1呈呼吸灯效果，由暗变亮再由亮变暗
   4          实验单片机：普中A2                      
   5          注意事项：                                                                                                                                                
   6          ***************************************************************************************/
   7          
   8          #include "public.h"
   9          #include  "pwm.h"
  10          
  11          
  12          int main(void)
  13          {
  14   1              uint_8 dir = 0;         //默认为0
  15   1              uint_8 duty = 0;
  16   1      
  17   1              PWM_Init(0XFF,0XF6,100,0);              //定时时间为0.01ms，PWM周期是100*0.01ms=1ms，占空比为0%
  18   1      
  19   1              while(1)
  20   1              {
  21   2                      if(dir == 0)            //当dir为递增方向
  22   2                      {
  23   3                              duty++;                 //占空比递增
  24   3                              if(duty == 70)
  25   3                                      dir = 1;                //当到达一定值切换方向，占空比到达70左右再递增，肉眼无法分辨亮度变化
  26   3                      }
  27   2                      else
  28   2                      {
  29   3                              duty--;
  30   3                              if(duty == 0)
  31   3                                      dir = 0;                        //当到达一定值切换方向  
  32   3                      }
  33   2                      PWM_Set_Duty_Cycle(duty);       //设置占空比
  34   2                      Delay_ms(1);                            //短暂延时，让呼吸灯有一个流畅的效果                    
  35   2              }
  36   1      }
  37          
  38          
  39          


MODULE INFORMATION:   STATIC OVERLAYABLE
   CODE SIZE        =     53    ----
   CONSTANT SIZE    =   ----    ----
   XDATA SIZE       =   ----    ----
   PDATA SIZE       =   ----    ----
   DATA SIZE        =   ----       2
   IDATA SIZE       =   ----    ----
   BIT SIZE         =   ----    ----
END OF MODULE INFORMATION.


C51 COMPILATION COMPLETE.  0 WARNING(S),  0 ERROR(S)
